{
  "compilerOptions": {
    "declaration": true,
    "module": "commonjs",
    "moduleResolution": "node",
    "outDir": "dist",
    "target": "es6",
    "typeRoots": [
      "node_modules/@types"
    ]
  },
  "exclude": [
    "dist",
    "node_modules"
  ]
}